[ DOPRA  INFO   2026-09-29 15:26:30.000875 ][localadmin] [ddm log init][UniVPNUI, start log number is 0, pid is 50660]
[ CADM   INFO   2026-09-29 15:26:30.000897 ][localadmin] [1][UI initialize logfile][Get sysconfig.ini path is C:\Users\impactbs\AppData\Roaming\UniVPN\sysconfig.ini]
[ CADM   INFO   2026-09-29 15:26:30.000903 ][localadmin] [1][UI initialize logfile][Set log level is 1]
[ CADM   INFO   2026-09-29 15:26:30.000920 ][localadmin] [2][Process send thread][ui send thread start!]
[ UI     INFO   2026-09-29 15:26:30.000959 ][localadmin] [1]follow system language type = 1033
[ UI     INFO   2026-09-29 15:26:30.000961 ][localadmin] [1][Initialize language setting][C:/Program Files (x86)/UniVPN/language/1033/l_UILabel.ini   languageSetting file is exit!]
[ UI     INFO   2026-09-29 15:26:30.000964 ][localadmin] [1][Get system language][language index is 1000]
[ UI     INFO   2026-09-29 15:26:30.000969 ][localadmin] [1][Process get login user][login user is localadmin]
[ UI     INFO   2026-09-29 15:26:30.000970 ][localadmin] [1][Process get install path][install path is C:\Program Files (x86)\UniVPN]
[ UI     INFO   2026-09-29 15:26:32.000605 ][localadmin] [1][Process get remote port][uniVPN ui get remote port, message code is 0x10008]
[ UI     INFO   2026-09-29 15:26:32.000607 ][localadmin] [3][Process receive thread][ui receive thread start!]
[ CADM   INFO   2026-09-29 15:26:32.000607 ][localadmin] [1][Process client enable mutex][create svn login instance ok!]
[ CADM   INFO   2026-09-29 15:26:32.000610 ][localadmin] [3][Process socket init][ui socket init fd is 1176 !]
[ UI     INFO   2026-09-29 15:26:32.000612 ][localadmin] [1][Cfm system config read][ui read system config start!]
[ CADM   INFO   2026-09-29 15:26:32.000613 ][localadmin] [3][Process socket init][ui socket init fd is 1188 !]
[ UI     INFO   2026-09-29 15:26:32.000624 ][localadmin] [1][Cfm system config read][ui read system config finish, message code is 0xd0002]
[ UI     INFO   2026-09-29 15:26:32.000630 ][localadmin] [1]follow system language type = 1033
[ UI     INFO   2026-09-29 15:26:32.000632 ][localadmin] [1][Initialize language setting][C:/Program Files (x86)/UniVPN/language/1033/l_UILabel.ini   languageSetting file is exit!]
[ UI     INFO   2026-09-29 15:26:32.000633 ][localadmin] [1][Get UniVPN Version][Version info:10781.7.0.1025]
[ UI     INFO   2026-09-29 15:26:34.000715 ][localadmin] [1][Start main ui init]
[ UI     INFO   2026-09-29 15:26:34.000718 ][localadmin] [1][Start main ui init Tray]
[ UI     INFO   2026-09-29 15:26:35.000162 ][localadmin] [1][Start main ui init Connectlist]
[ UI     INFO   2026-09-29 15:26:35.000164 ][localadmin] [1][Start connect list init]
[ UI     INFO   2026-09-29 15:26:35.000182 ][localadmin] [1][Connect list insert][index is 0,text is IBS]
[ UI     INFO   2026-09-29 15:26:35.000184 ][localadmin] [1][Init connect list][index is  0][linkname IBS] [nameStr IBS]
[ UI     INFO   2026-09-29 15:26:35.000184 ][localadmin] [1][Finish connect list init]
[ UI     INFO   2026-09-29 15:26:35.000186 ][localadmin] [1][Start main ui init 3]
[ UI     INFO   2026-09-29 15:26:35.000200 ][localadmin] [1][Finsh main ui init]
[ UI     INFO   2026-09-29 15:26:35.000201 ][localadmin] [1]Language_Set begin
[ UI     INFO   2026-09-29 15:26:35.000205 ][localadmin] [1]Language_Set end
[ UI     INFO   2026-09-29 15:26:35.000208 ][localadmin] [1][MainUI start][MainUI hide]
[ UI     INFO   2026-09-29 15:26:35.000215 ][localadmin] [1][main ui ][begin to login]
[ UI     INFO   2026-09-29 15:26:35.000219 ][localadmin] [1][main ui ][connectname: IBS][type: 1]
[ UI     INFO   2026-09-29 15:26:35.000220 ][localadmin] [1][main ui ][LINK_TYPE_SSL]
[ UI     INFO   2026-09-29 15:26:35.000221 ][localadmin] [1][main ui ][MANUAL]
[ UI     INFO   2026-09-29 15:26:35.000230 ][localadmin] [1][Cfm profile read][ui read profile finish, meaasge code is 0xd000b]
[ UI     INFO   2026-09-29 15:26:35.000232 ][localadmin] [1][MainUI_Init_Buf] UI_Profile_Read iRet[0],profilePath[IBS.ini],cMsgCodeStr[/RETURN_CFM_MSGCODE/CFM_MSGCODE_PROFILE_READ_SSL_SUCCESS],iRetValue[1]
[ UI     INFO   2026-09-29 15:26:35.000234 ][localadmin] [4][task_sitepref_get_firstconnect_result begin]
[ UI     INFO   2026-09-29 15:26:35.000236 ][localadmin] [4][site task_sitepref_get_firstconnect_result][domain name is vpn.impactbs.my:4430]
[ UI     INFO   2026-09-29 15:26:35.000237 ][localadmin] [4][Process site pref][uniVPN first connect start!]
[ UI     INFO   2026-09-29 15:26:35.000895 ][localadmin] [4][Process site pref][uniVPN first connect finish, message code is 0x10000]
[ UI     INFO   2026-09-29 15:26:35.000897 ][localadmin] [4][task_sitepref_get_firstconnect_result end]
[ UI     INFO   2026-09-29 15:26:35.000897 ][localadmin] [1][Show mainUI login key][C:/Users/impactbs/AppData/Local/Temp]
[ UI     INFO   2026-09-29 15:26:35.000901 ][localadmin] [1][Process update][MS:local version is 2a1d0007 ,gateway version is 00000000.]
[ UI     INFO   2026-09-29 15:26:35.000902 ][localadmin] [1][Process update][not need update]
[ UI     INFO   2026-09-29 15:26:35.000902 ][localadmin] [1][Downloading][Download is end]
[ UI     INFO   2026-09-29 15:26:35.000903 ][localadmin] [1][MainUI_SitePref_FirstConn_Result login key][UI Site Pref return OK]
[ UI     INFO   2026-09-29 15:26:35.000919 ][localadmin] [1][Cfm profile read][ui read profile finish, meaasge code is 0xd000b]
[ UI     INFO   2026-09-29 15:26:35.000919 ][localadmin] [1][LoginKeyUI_Init_Buf] UI_Profile_Read iRet[0],pProfileName[IBS.ini],cMsgCodeStr[/RETURN_CFM_MSGCODE/CFM_MSGCODE_PROFILE_READ_SSL_SUCCESS],iRetValue[1]
[ UI     INFO   2026-09-29 15:26:35.000920 ][localadmin] [1][Into loginKey ui iP list init]
[ UI     INFO   2026-09-29 15:26:35.000930 ][localadmin] [1][Process get all site info][uniVPN get sll site info finish, message code is 0x10002]
[ UI     INFO   2026-09-29 15:26:35.000933 ][localadmin] [1][Out loginKey ui iP list init,ListCount:1]
[ UI     INFO   2026-09-29 15:26:35.000933 ][localadmin] [1][Loginkey ui init user and pwd]
[ UI     INFO   2026-09-29 15:26:35.000934 ][localadmin] [1][Loginkey ui init pwd *****]
[ UI     INFO   2026-09-29 15:26:35.000936 ][localadmin] [1][Loginkey ui init user and pwd]
[ UI     INFO   2026-09-29 15:26:35.000938 ][localadmin] [1][Loginkey ui init pwd *****]
[ UI     INFO   2026-09-29 15:26:35.000939 ][localadmin] [1][login key btn click][begin][0]
[ UI     INFO   2026-09-29 15:26:35.000941 ][localadmin] [1][LoginKeyUI_Login_click][mid]
[ UI     INFO   2026-09-29 15:26:35.000943 ][localadmin] [1][Main ui set LoginKey UI][set SSL UI close]
[ UI     INFO   2026-09-29 15:26:35.000944 ][localadmin] [1][LoginKey ui current connect name is IBS.ini]
[ UI     INFO   2026-09-29 15:26:35.000945 ][localadmin] [1]qstr_ipname = vpn.impactbs.my:4430 qstr_usernameUTF8 = pattrick.pengiran
[ UI     INFO   2026-09-29 15:26:35.000945 ][localadmin] [1][LoginKey ui current index is 0]
[ UI     INFO   2026-09-29 15:26:35.000946 ][localadmin] [1][Loginkey ui send the last connect name is IBS.ini]
[ UI     INFO   2026-09-29 15:26:35.000946 ][localadmin] [1][Loginkey ui send the  device CA check is 0]
[ UI     INFO   2026-09-29 15:26:35.000946 ][localadmin] [1][le_password->clear()648)]
[ UI     INFO   2026-09-29 15:26:35.000946 ][localadmin] [1][To write profile session]
[ UI     INFO   2026-09-29 15:26:35.000948 ][localadmin] [1][Cfm system config write session][ui write system config start!]
[ UI     INFO   2026-09-29 15:26:35.000954 ][localadmin] [1][Cfm system config write session][ui write system config finish, message code is 0xd0004]
[ UI     INFO   2026-09-29 15:26:35.000954 ][localadmin] [1][Write profile session succed]
[ UI     INFO   2026-09-29 15:26:35.000955 ][localadmin] [1][Cfm system config read][ui read system config start!]
[ UI     INFO   2026-09-29 15:26:35.000964 ][localadmin] [1][Cfm system config read][ui read system config finish, message code is 0xd0002]
[ UI     INFO   2026-09-29 15:26:35.000965 ][localadmin] [1][Finish loginKey ui userPwd remember]
[ UI     INFO   2026-09-29 15:26:35.000966 ][localadmin] [1][Link info print start===============================]
[ UI     INFO   2026-09-29 15:26:35.000967 ][localadmin] [1][Best enable is 0]
[ UI     INFO   2026-09-29 15:26:35.000968 ][localadmin] [1][Curren ip is vpn.impactbs.my]
[ UI     INFO   2026-09-29 15:26:35.000969 ][localadmin] [1][Port is 4430]
[ UI     INFO   2026-09-29 15:26:35.000970 ][localadmin] [1][SSLCauthType is 0]
[ UI     INFO   2026-09-29 15:26:35.000970 ][localadmin] [1][Link info print end===============================]
[ UI     INFO   2026-09-29 15:26:35.000971 ][localadmin] [1][Process ssl link select][uniVPN link select start!]
[ UI     INFO   2026-09-29 15:26:35.000981 ][localadmin] [1][Process ssl link select][uniVPN get linkSel result][message code is 0x10004]
[ UI     INFO   2026-09-29 15:26:35.000982 ][localadmin] [1][Link best reault][ipstr is vpn.impactbs.my:4430]
[ UI     INFO   2026-09-29 15:26:35.000982 ][localadmin] [1]===========================
[ UI     INFO   2026-09-29 15:26:35.000983 ][localadmin] [1]Login Type is 1
[ UI     INFO   2026-09-29 15:26:35.000984 ][localadmin] [1]Language Type is 0
[ UI     INFO   2026-09-29 15:26:35.000984 ][localadmin] [1]===========================
[ UI     INFO   2026-09-29 15:26:35.000985 ][localadmin] [1][Process ssl login][uniVPN ssl login start!]
[ UI     INFO   2026-09-29 15:26:36.000181 ][localadmin] [1][Process ssl login][uniVPN ssl login finish][message code is 0x20000]
[ UI     INFO   2026-09-29 15:26:36.000183 ][localadmin] [1]IBS.ini sslLogInRet=0 iRetValue=1 cMsgCodeStr=/RETURN_AUTH_MSGCODE/AUTH_MSGCODE_LOGIN_SUCCESS usPwAlarmTime=0 iEnableModifyPW=0 usPwAlarmNotice=0
[ UI     INFO   2026-09-29 15:26:36.000185 ][localadmin] [1][Ssl login result is    1]
[ UI     INFO   2026-09-29 15:26:36.000187 ][localadmin] [1][Ssl login result is MSGCODE_RETURN_SUCCESS]
[ UI     INFO   2026-09-29 15:26:36.000189 ][localadmin] [1][Host check is 0,cache clear is 0]
[ UI     INFO   2026-09-29 15:26:36.000191 ][localadmin] [1][To cnem][tunnel mode is 2]
[ UI     INFO   2026-09-29 15:26:36.000192 ][localadmin] [1][Process ssl cnem start][uniVPN ssl cnem start!]
[ UI     INFO   2026-09-29 15:26:39.000773 ][localadmin] [1][Process ssl cnem start][uniVPN ssl cnem finish][message code is 0x70000]
[ UI     INFO   2026-09-29 15:26:39.000774 ][localadmin] [1][Ssl login signal_setLoginSuccess]
[ UI     INFO   2026-09-29 15:26:39.000775 ][localadmin] [1][Main ui get login return][ret  is 1]
[ UI     INFO   2026-09-29 15:26:39.000781 ][localadmin] [1][Get guid success]
[ UI     INFO   2026-09-29 15:26:40.000291 ][localadmin] [1][Main ui Connection_GetLoginReturn_Update][update vpn list]
[ UI     INFO   2026-09-29 15:26:40.000293 ][localadmin] [1][Main ui Connection_GetLoginReturn_Update][GetLogined]
[ UI     INFO   2026-09-29 15:26:40.000295 ][localadmin] [1][Main ui Connection_GetLoginReturn_Update][update vpn list]
[ UI     INFO   2026-09-29 15:26:40.000297 ][localadmin] [1][Main ui Connection_GetLoginReturn_Update][GetLogined]
[ UI     INFO   2026-09-29 15:26:40.000299 ][localadmin] [1][Cnem succed!]
[ UI     INFO   2026-09-29 15:26:40.000301 ][localadmin] [1][Main ui plugin set login key ui][login key ui closed]
[ UI     INFO   2026-09-29 15:26:40.000303 ][localadmin] [1][Main ui Connection_GetLoginReturn_Update][update vpn list]
[ UI     INFO   2026-09-29 15:26:40.000304 ][localadmin] [1][Main ui Connection_GetLoginReturn_Update][GetLogined]
